WorkerThreadPool: 16 threads, 4 max low-priority.
Godot Engine v4.5.1.stable.official.f62fdbde1 - https://godotengine.org
TextServer: Added interface "Dummy"
TextServer: Added interface "ICU / HarfBuzz / Graphite (Built-in)"
Unrecognized output string "misc2" in mapping:
030000007e0500006920000001010000,Nintendo Switch 2 Pro Controller,a:b0,b:b1,back:b14,dpdown:b8,dpleft:b10,dpright:b9,dpup:b11,guide:b16,leftshoulder:b12,leftstick:b15,lefttrigger:b13,leftx:a0,lefty:a1~,misc1:b17,misc2:b20,paddle1:b18,paddle2:b19,rightshoulder:b4,rightstick:b7,righttrigger:b5,rightx:a2,righty:a3~,start:b6,x:b2,y:b3,platform:Mac OS X,
SDL: Init OK!
Using "default" pen tablet driver...
OpenGL debugging not supported!
Shader 'CanvasSdfShaderGLES3' SHA256: 7f3967e62634eddbdb628901ff5d32cfb26092293a78878a4db21f2275841f91
Shader 'SkeletonShaderGLES3' SHA256: 8f07d3f6607d1fb9d54ec47ff9bbe3ec040efba00bab553b4bc2c94db0034827
Shader 'ParticlesShaderGLES3' SHA256: aea0ea81539bee1b639dc12b34acdce4f52de3722e43ddd06a8271c6594d1dbc
Shader 'ParticlesCopyShaderGLES3' SHA256: 987e23875df5a7f68f5b4416a099fe4785a795b88bcb21afa9592f2f72df5b06
Shader 'CopyShaderGLES3' SHA256: ab399a3975bf2f6741b116ac04e6432bc45860d444f8b983bddc32ad7ecddb97
Shader 'CubemapFilterShaderGLES3' SHA256: 353b541b9651dfd7b04eef0053d6b4ac153516c4df5b5ea2e5d2975aa942380a
Shader 'GlowShaderGLES3' SHA256: bd81c280ae0e502ca23ad988d998789edd6f25ec7143765c9ce06c20fb74dd1e
Shader 'PostShaderGLES3' SHA256: e93e3c74a5c620ce9acc62bab5a038aafd91289f5d2d8b1445497e9427d14eaa
Shader 'FeedShaderGLES3' SHA256: 549943097636eae0d2733200772ef212f7a4fc09ee77473f439c1b2b485ca7da
Shader 'CanvasShaderGLES3' SHA256: f374a1ed718291262ef834070bb5bf1c787d71cdc7968ee6954b48863a00c208
Shader 'CanvasOcclusionShaderGLES3' SHA256: e987e08934988cca136b8e29f990ed333cb87dd8aa1a66fe79b643a57f2ac2c8
Shader 'SceneShaderGLES3' SHA256: eb4f5d01bbc3b08490f0b01fce273170fd0d180783be02b004dc71d96a5aafe3
Shader 'SkyShaderGLES3' SHA256: 03257a5c730213006428fa3ef851573f6ac5eaa31f0a93d6d920a94430c203df
OpenGL API 4.1 Metal - 89.4 - Compatibility - Using Device: Apple - Apple M4 Max
CoreAudio: detected 2 channels
CoreAudio: output sampling rate: 44100 Hz
CoreAudio: output audio buffer frames: 512 calculated latency: 11ms

TextServer: Primary interface set to: "ICU / HarfBuzz / Graphite (Built-in)".
CORE API HASH: 0
EDITOR API HASH: 0
SceneTreeFTI: traversal method DEFAULT
Loaded system CA certificates
Loading resource: res://.godot/exported/133200997/export-3ad5c15c4f3250da0cc7c1af1770d85f-main.scn
Loading resource: res://scripts/game.gdc
Loading resource: res://assets/models/office.glb
Loading resource: res://.godot/imported/office.glb-3cf8e54d368aabf77a8e0f4049de59a1.scn
Loading resource: res://assets/models/worker.glb
Loading resource: res://.godot/imported/worker.glb-b1e09b27d2484c4047acc38fa6c44ad6.scn
Loading resource: res://assets/models/sandbag.glb
Loading resource: res://.godot/imported/sandbag.glb-b092aab6f17f0096ed2135ba4d7153ec.scn
Loading resource: res://assets/models/sandbag.glb
Loading resource: res://.godot/imported/sandbag.glb-b092aab6f17f0096ed2135ba4d7153ec.scn
Loading resource: res://assets/models/sandbag.glb
Loading resource: res://.godot/imported/sandbag.glb-b092aab6f17f0096ed2135ba4d7153ec.scn
Loading resource: res://assets/models/sandbag.glb
Loading resource: res://.godot/imported/sandbag.glb-b092aab6f17f0096ed2135ba4d7153ec.scn
Loading resource: res://assets/models/sandbag.glb
Loading resource: res://.godot/imported/sandbag.glb-b092aab6f17f0096ed2135ba4d7153ec.scn
Loading resource: res://assets/models/sandbag.glb
Loading resource: res://.godot/imported/sandbag.glb-b092aab6f17f0096ed2135ba4d7153ec.scn
Loading resource: res://assets/models/sandbag.glb
Loading resource: res://.godot/imported/sandbag.glb-b092aab6f17f0096ed2135ba4d7153ec.scn
Loading resource: res://assets/models/sandbag.glb
Loading resource: res://.godot/imported/sandbag.glb-b092aab6f17f0096ed2135ba4d7153ec.scn
Loading resource: res://assets/models/sandbag.glb
Loading resource: res://.godot/imported/sandbag.glb-b092aab6f17f0096ed2135ba4d7153ec.scn
Loading resource: res://assets/models/sandbag.glb
Loading resource: res://.godot/imported/sandbag.glb-b092aab6f17f0096ed2135ba4d7153ec.scn
Loading resource: res://assets/models/sandbag.glb
Loading resource: res://.godot/imported/sandbag.glb-b092aab6f17f0096ed2135ba4d7153ec.scn
Loading resource: res://assets/models/sandbag.glb
Loading resource: res://.godot/imported/sandbag.glb-b092aab6f17f0096ed2135ba4d7153ec.scn
Loading resource: res://assets/models/sandbag.glb
Loading resource: res://.godot/imported/sandbag.glb-b092aab6f17f0096ed2135ba4d7153ec.scn
Loading resource: res://assets/models/sandbag.glb
Loading resource: res://.godot/imported/sandbag.glb-b092aab6f17f0096ed2135ba4d7153ec.scn
Loading resource: res://assets/models/sandbag.glb
Loading resource: res://.godot/imported/sandbag.glb-b092aab6f17f0096ed2135ba4d7153ec.scn
Loading resource: res://assets/models/sandbag.glb
Loading resource: res://.godot/imported/sandbag.glb-b092aab6f17f0096ed2135ba4d7153ec.scn
Loading resource: res://assets/models/sandbag.glb
Loading resource: res://.godot/imported/sandbag.glb-b092aab6f17f0096ed2135ba4d7153ec.scn
Loading resource: res://assets/models/sandbag.glb
Loading resource: res://.godot/imported/sandbag.glb-b092aab6f17f0096ed2135ba4d7153ec.scn
Loading resource: res://assets/models/sandbag.glb
Loading resource: res://.godot/imported/sandbag.glb-b092aab6f17f0096ed2135ba4d7153ec.scn
Loading resource: res://assets/models/sandbag.glb
Loading resource: res://.godot/imported/sandbag.glb-b092aab6f17f0096ed2135ba4d7153ec.scn
Loading resource: res://assets/models/sandbag.glb
Loading resource: res://.godot/imported/sandbag.glb-b092aab6f17f0096ed2135ba4d7153ec.scn
Loading resource: res://assets/models/sandbag.glb
Loading resource: res://.godot/imported/sandbag.glb-b092aab6f17f0096ed2135ba4d7153ec.scn
Loading resource: res://assets/models/sandbag.glb
Loading resource: res://.godot/imported/sandbag.glb-b092aab6f17f0096ed2135ba4d7153ec.scn
Loading resource: res://assets/models/sandbag.glb
Loading resource: res://.godot/imported/sandbag.glb-b092aab6f17f0096ed2135ba4d7153ec.scn
Loading resource: res://assets/models/sandbag.glb
Loading resource: res://.godot/imported/sandbag.glb-b092aab6f17f0096ed2135ba4d7153ec.scn
Loading resource: res://assets/models/sandbag.glb
Loading resource: res://.godot/imported/sandbag.glb-b092aab6f17f0096ed2135ba4d7153ec.scn
Loading resource: res://assets/models/sandbag.glb
Loading resource: res://.godot/imported/sandbag.glb-b092aab6f17f0096ed2135ba4d7153ec.scn
Loading resource: res://assets/models/sandbag.glb
Loading resource: res://.godot/imported/sandbag.glb-b092aab6f17f0096ed2135ba4d7153ec.scn
Loading resource: res://assets/models/sandbag.glb
Loading resource: res://.godot/imported/sandbag.glb-b092aab6f17f0096ed2135ba4d7153ec.scn
Loading resource: res://assets/models/sandbag.glb
Loading resource: res://.godot/imported/sandbag.glb-b092aab6f17f0096ed2135ba4d7153ec.scn
Loading resource: res://assets/models/sandbag.glb
Loading resource: res://.godot/imported/sandbag.glb-b092aab6f17f0096ed2135ba4d7153ec.scn
Loading resource: res://assets/models/sandbag.glb
Loading resource: res://.godot/imported/sandbag.glb-b092aab6f17f0096ed2135ba4d7153ec.scn
Loading resource: res://assets/models/sandbag.glb
Loading resource: res://.godot/imported/sandbag.glb-b092aab6f17f0096ed2135ba4d7153ec.scn
Loading resource: res://assets/models/sandbag.glb
Loading resource: res://.godot/imported/sandbag.glb-b092aab6f17f0096ed2135ba4d7153ec.scn
Loading resource: res://assets/models/sandbag.glb
Loading resource: res://.godot/imported/sandbag.glb-b092aab6f17f0096ed2135ba4d7153ec.scn
Loading resource: res://assets/models/sandbag.glb
Loading resource: res://.godot/imported/sandbag.glb-b092aab6f17f0096ed2135ba4d7153ec.scn
Loading resource: res://assets/models/sandbag.glb
Loading resource: res://.godot/imported/sandbag.glb-b092aab6f17f0096ed2135ba4d7153ec.scn
Loading resource: res://assets/models/sandbag.glb
Loading resource: res://.godot/imported/sandbag.glb-b092aab6f17f0096ed2135ba4d7153ec.scn
Loading resource: res://assets/models/sandbag.glb
Loading resource: res://.godot/imported/sandbag.glb-b092aab6f17f0096ed2135ba4d7153ec.scn
Loading resource: res://assets/models/sandbag.glb
Loading resource: res://.godot/imported/sandbag.glb-b092aab6f17f0096ed2135ba4d7153ec.scn
Loading resource: res://assets/models/sandbag.glb
Loading resource: res://.godot/imported/sandbag.glb-b092aab6f17f0096ed2135ba4d7153ec.scn
Loading resource: res://assets/models/sandbag.glb
Loading resource: res://.godot/imported/sandbag.glb-b092aab6f17f0096ed2135ba4d7153ec.scn
Loading resource: res://assets/models/sandbag.glb
Loading resource: res://.godot/imported/sandbag.glb-b092aab6f17f0096ed2135ba4d7153ec.scn
Loading resource: res://assets/models/sandbag.glb
Loading resource: res://.godot/imported/sandbag.glb-b092aab6f17f0096ed2135ba4d7153ec.scn
Loading resource: res://assets/models/sandbag.glb
Loading resource: res://.godot/imported/sandbag.glb-b092aab6f17f0096ed2135ba4d7153ec.scn
Loading resource: res://assets/models/sandbag.glb
Loading resource: res://.godot/imported/sandbag.glb-b092aab6f17f0096ed2135ba4d7153ec.scn
Loading resource: res://assets/models/sandbag.glb
Loading resource: res://.godot/imported/sandbag.glb-b092aab6f17f0096ed2135ba4d7153ec.scn
Loading resource: res://assets/models/sandbag.glb
Loading resource: res://.godot/imported/sandbag.glb-b092aab6f17f0096ed2135ba4d7153ec.scn
Loading resource: res://assets/models/sandbag.glb
Loading resource: res://.godot/imported/sandbag.glb-b092aab6f17f0096ed2135ba4d7153ec.scn
Loading resource: res://assets/models/sandbag.glb
Loading resource: res://.godot/imported/sandbag.glb-b092aab6f17f0096ed2135ba4d7153ec.scn
Loading resource: res://assets/audio/rifle.wav
Loading resource: res://.godot/imported/rifle.wav-b154308c1302a2c08320419aaf799f40.sample
Loading resource: res://assets/audio/smg.wav
Loading resource: res://.godot/imported/smg.wav-4f63398799beae66ba285fe203de8737.sample
Loading resource: res://assets/audio/rocket.wav
Loading resource: res://.godot/imported/rocket.wav-ff85531335d7c2127ce0c9db01f783ed.sample
Loading resource: res://assets/audio/cannon.wav
Loading resource: res://.godot/imported/cannon.wav-38078ec7dbd89e6ce8a071f066e4cec0.sample
Loading resource: res://assets/audio/explosion.wav
Loading resource: res://.godot/imported/explosion.wav-4dcccbd27187cfdac205309f792899a7.sample
Loading resource: res://assets/audio/impact.wav
Loading resource: res://.godot/imported/impact.wav-69c408f3f3e73daf7c3030beaa0507af.sample
Loading resource: res://assets/audio/bayonet.wav
Loading resource: res://.godot/imported/bayonet.wav-78787f4d2e9b92d108b4e148efd79207.sample
Loading resource: res://assets/audio/order.wav
Loading resource: res://.godot/imported/order.wav-b072dbcadaff706d899a1f201b15913e.sample
Loading resource: res://assets/audio/reload.wav
Loading resource: res://.godot/imported/reload.wav-50f2d65be979b5afe34a1e31b08f63e8.sample
Loading resource: res://assets/models/infantry-green.glb
Loading resource: res://.godot/imported/infantry-green.glb-655f3d9643b3d75bdcc6021a0d7d5d74.scn
Loading resource: res://assets/models/infantry-green.glb
Loading resource: res://.godot/imported/infantry-green.glb-655f3d9643b3d75bdcc6021a0d7d5d74.scn
Loading resource: res://assets/models/infantry-green.glb
Loading resource: res://.godot/imported/infantry-green.glb-655f3d9643b3d75bdcc6021a0d7d5d74.scn
Loading resource: res://assets/models/infantry-blue.glb
Loading resource: res://.godot/imported/infantry-blue.glb-02205adb46e0a01963d35f55948da9c9.scn
Loading resource: res://assets/models/infantry-blue.glb
Loading resource: res://.godot/imported/infantry-blue.glb-02205adb46e0a01963d35f55948da9c9.scn
Loading resource: res://assets/models/infantry-blue.glb
Loading resource: res://.godot/imported/infantry-blue.glb-02205adb46e0a01963d35f55948da9c9.scn
Loading resource: res://assets/models/infantry-red.glb
Loading resource: res://.godot/imported/infantry-red.glb-25c2c65f87f8d035d8d385fdae897c15.scn
Loading resource: res://assets/models/infantry-red.glb
Loading resource: res://.godot/imported/infantry-red.glb-25c2c65f87f8d035d8d385fdae897c15.scn
Loading resource: res://assets/models/infantry-red.glb
Loading resource: res://.godot/imported/infantry-red.glb-25c2c65f87f8d035d8d385fdae897c15.scn
Loading resource: res://assets/models/tank.glb
Loading resource: res://.godot/imported/tank.glb-76f82d6558c0a3a4a1c3aff1a8d57a88.scn
CAPTURE_SAVED /Users/brucef/Documents/LocDev/Game/Tesana-Like/deskfront-jevlab/output/macos-v03.png
XR: Clearing primary interface
XR: Removed interface "Native mobile"
XR: Removed interface "OpenXR"
